[Server] Initializing database...
[DB] Seed data loaded successfully
[DB] 12 users, 13 deliveries, 23 ratings
[Server] Database initialized
node:events:487
      throw er; // Unhandled 'error' event
      ^

Error: listen EADDRINUSE: address already in use :::3001
    at Server.setupListenHandle [as _listen2] (node:net:2009:16)
    at listenInCluster (node:net:2066:12)
    at Server.listen (node:net:2171:7)
    at file:///C:/Users/sharn/OneDrive/Documents/Desktop/final%20plp/last-mile-/frontend/server/src/index.js:149:8
    at ModuleJob.run (node:internal/modules/esm/module_job:439:25)
    at async node:internal/modules/esm/loader:643:26
    at async asyncRunEntryPointWithESMLoader (node:internal/modules/run_main:101:5)
Emitted 'error' event on WebSocketServer instance at:
    at Server.emit (node:events:509:28)
    at emitErrorNT (node:net:2045:8)
    at process.processTicksAndRejections (node:internal/process/task_queues:90:21) {
  code: 'EADDRINUSE',
  errno: -4091,
  syscall: 'listen',
  address: '::',
  port: 3001
}

Node.js v24.18.0
